// Jest Snapshot v1, https://goo.gl/fbAQLP

exports[`GET / responds correctly 1`] = `
"<!DOCTYPE html>
<html>

  <head>
    <meta charset=\\"utf-8\\">
    <title>IIC2513 - CHANGE-ME</title>
    
      <link rel=\\"stylesheet\\" href=\\"/assets/app.css\\">
    
  </head>

  <body>
    <header>
      <div id=\\"logo\\">
        <img src=\\"/assets/logo.png\\" alt=\\"Logo\\" />
      </div>
    </header>
    <h1>Hello world</h1>
<p>
  App web version
  1.0.0
</p>
<div id=\\"react-app\\">Here a React app will be rendered</div>

    <script src=\\"/assets/app.js\\"></script>
  </body>

</html>
"
`;
